// Jest Snapshot v1, https://goo.gl/fbAQLP

exports[`renders correctly 1`] = `
Array [
  <h1
    className="title"
  >
    books
  </h1>,
  <p>
    error loading book list
  </p>,
]
`;
